[backblue.gif]
[fade.gif]
[index.html]
[ajax.googleapis.com/ajax/libs/jquery/1.12.4/jquery.min.js]
[www.gstatic.com/charts/loader.js]
[etherplus.io/images/toptopbgpng180.png]
[etherplus.io/images/mlogos24767png.png]
[ajax.googleapis.com/ajax/libs/jquery/1.8.2/jquery.min.js]
[etherplus.io/images/mlogo25659png.png]
[etherplus.io/images/qr878787.png]
[etherplus.io/images/wow6663_icon.png]
[etherplus.io/images/close4343.jpg]
[etherplus.io/images/footer_icon_1_8383_on.png]
[etherplus.io/images/footer_icon_1_8383_off.png]
[etherplus.io/js/main.js]
[etherplus.io/index.html]
[etherplus.io/images/bgbg10802bg.jpg]
[etherplus.io/images/timeline39090.png]
[etherplus.io/images/testbg_360kkt.jpg]
[etherplus.io/images/backgroundbg_1080.jpg]
[etherplus.io/images/mobile_het_630t.jpg]
[etherplus.io/images/too_bt.png]
[etherplus.io/images/pngpng38860_link2.png]
[etherplus.io/images/off_buttonbg23760.png]
[etherplus.io/images/pngpng64080ss.png]
[etherplus.io/images/gaji_720810.png]
[etherplus.io/css/default.css]
[etherplus.io/index-2.html]
[etherplus.io/images/loginbt_img50060mm.png]
[etherplus.io/login.html]
[etherplus.io/images/guidance.jpg]
[etherplus.io/guide.html]
[etherplus.io/images/withdrawbt_img50060mm.png]
[etherplus.io/withdraw784e.html]
[fonts.googleapis.com/earlyaccess/notosanskr.css]
